[2026-02-11T12:21:50.621Z] DECODED: {
  "_id": "68ebe9ee8f06d33ee022d665",
  "name": "saidulureddy",
  "email": "saidulureddy@gmail.com",
  "mobile": "901442455",
  "password": "reddy123",
  "role": "admin",
  "createdAt": "2025-10-12T17:48:30.796Z",
  "updatedAt": "2025-10-12T17:48:30.796Z",
  "__v": 0
}

[2026-02-11T12:21:50.695Z] DECODED: {
  "_id": "68ebe9ee8f06d33ee022d665",
  "name": "saidulureddy",
  "email": "saidulureddy@gmail.com",
  "mobile": "901442455",
  "password": "reddy123",
  "role": "admin",
  "createdAt": "2025-10-12T17:48:30.796Z",
  "updatedAt": "2025-10-12T17:48:30.796Z",
  "__v": 0
}

[2026-02-11T12:21:51.146Z] DECODED: {
  "_id": "68ebe9ee8f06d33ee022d665",
  "name": "saidulureddy",
  "email": "saidulureddy@gmail.com",
  "mobile": "901442455",
  "password": "reddy123",
  "role": "admin",
  "createdAt": "2025-10-12T17:48:30.796Z",
  "updatedAt": "2025-10-12T17:48:30.796Z",
  "__v": 0
}

[2026-02-11T12:21:51.364Z] DECODED: {
  "_id": "68ebe9ee8f06d33ee022d665",
  "name": "saidulureddy",
  "email": "saidulureddy@gmail.com",
  "mobile": "901442455",
  "password": "reddy123",
  "role": "admin",
  "createdAt": "2025-10-12T17:48:30.796Z",
  "updatedAt": "2025-10-12T17:48:30.796Z",
  "__v": 0
}

[2026-02-11T12:22:01.426Z] DECODED: {
  "_id": "68ebe9ee8f06d33ee022d665",
  "name": "saidulureddy",
  "email": "saidulureddy@gmail.com",
  "mobile": "901442455",
  "password": "reddy123",
  "role": "admin",
  "createdAt": "2025-10-12T17:48:30.796Z",
  "updatedAt": "2025-10-12T17:48:30.796Z",
  "__v": 0
}

[2026-02-11T12:22:01.497Z] DECODED: {
  "_id": "68ebe9ee8f06d33ee022d665",
  "name": "saidulureddy",
  "email": "saidulureddy@gmail.com",
  "mobile": "901442455",
  "password": "reddy123",
  "role": "admin",
  "createdAt": "2025-10-12T17:48:30.796Z",
  "updatedAt": "2025-10-12T17:48:30.796Z",
  "__v": 0
}

[2026-02-11T12:22:05.334Z] DECODED: {
  "_id": "68ebe9ee8f06d33ee022d665",
  "name": "saidulureddy",
  "email": "saidulureddy@gmail.com",
  "mobile": "901442455",
  "password": "reddy123",
  "role": "admin",
  "createdAt": "2025-10-12T17:48:30.796Z",
  "updatedAt": "2025-10-12T17:48:30.796Z",
  "__v": 0
}

[2026-02-11T12:22:05.372Z] DECODED: {
  "_id": "68ebe9ee8f06d33ee022d665",
  "name": "saidulureddy",
  "email": "saidulureddy@gmail.com",
  "mobile": "901442455",
  "password": "reddy123",
  "role": "admin",
  "createdAt": "2025-10-12T17:48:30.796Z",
  "updatedAt": "2025-10-12T17:48:30.796Z",
  "__v": 0
}

[2026-02-11T12:22:07.960Z] DECODED: {
  "_id": "68ebe9ee8f06d33ee022d665",
  "name": "saidulureddy",
  "email": "saidulureddy@gmail.com",
  "mobile": "901442455",
  "password": "reddy123",
  "role": "admin",
  "createdAt": "2025-10-12T17:48:30.796Z",
  "updatedAt": "2025-10-12T17:48:30.796Z",
  "__v": 0
}

[2026-02-11T12:22:08.011Z] DECODED: {
  "_id": "68ebe9ee8f06d33ee022d665",
  "name": "saidulureddy",
  "email": "saidulureddy@gmail.com",
  "mobile": "901442455",
  "password": "reddy123",
  "role": "admin",
  "createdAt": "2025-10-12T17:48:30.796Z",
  "updatedAt": "2025-10-12T17:48:30.796Z",
  "__v": 0
}

[2026-02-11T12:22:08.065Z] DECODED: {
  "_id": "68ebe9ee8f06d33ee022d665",
  "name": "saidulureddy",
  "email": "saidulureddy@gmail.com",
  "mobile": "901442455",
  "password": "reddy123",
  "role": "admin",
  "createdAt": "2025-10-12T17:48:30.796Z",
  "updatedAt": "2025-10-12T17:48:30.796Z",
  "__v": 0
}

[2026-02-11T12:22:08.082Z] DECODED: {
  "_id": "68ebe9ee8f06d33ee022d665",
  "name": "saidulureddy",
  "email": "saidulureddy@gmail.com",
  "mobile": "901442455",
  "password": "reddy123",
  "role": "admin",
  "createdAt": "2025-10-12T17:48:30.796Z",
  "updatedAt": "2025-10-12T17:48:30.796Z",
  "__v": 0
}

